// Jest Snapshot v1, https://goo.gl/fbAQLP

exports[`MixedRouteQuoterV2 quotes #quoteExactInput V3 only 0 -> 2 -> 1 1`] = `369447`;

exports[`MixedRouteQuoterV2 quotes #quoteExactInput V3 only 0 -> 2 cross 0 tick, starting tick initialized 1`] = `169580`;

exports[`MixedRouteQuoterV2 quotes #quoteExactInput V3 only 0 -> 2 cross 0 tick, starting tick not initialized 1`] = `138214`;

exports[`MixedRouteQuoterV2 quotes #quoteExactInput V3 only 0 -> 2 cross 1 tick 1`] = `198730`;

exports[`MixedRouteQuoterV2 quotes #quoteExactInput V3 only 0 -> 2 cross 2 tick 1`] = `245134`;

exports[`MixedRouteQuoterV2 quotes #quoteExactInput V3 only 0 -> 2 cross 2 tick where after is initialized 1`] = `198768`;

exports[`MixedRouteQuoterV2 quotes #quoteExactInput V3 only 2 -> 0 cross 0 tick, starting tick initialized 1`] = `127142`;

exports[`MixedRouteQuoterV2 quotes #quoteExactInput V3 only 2 -> 0 cross 0 tick, starting tick not initialized 1`] = `127142`;

exports[`MixedRouteQuoterV2 quotes #quoteExactInput V3 only 2 -> 0 cross 2 1`] = `233880`;

exports[`MixedRouteQuoterV2 quotes #quoteExactInput V3 only 2 -> 0 cross 2 where tick after is initialized 1`] = `233888`;

exports[`MixedRouteQuoterV2 quotes #quoteExactInput V3 only 2 -> 1 1`] = `126817`;

exports[`MixedRouteQuoterV2 quotes #quoteExactInputSingle V3 0 -> 2 1`] = `245116`;

exports[`MixedRouteQuoterV2 quotes #quoteExactInputSingle V3 2 -> 0 1`] = `233852`;

exports[`MixedRouteQuoterV2 quotes #quoteExactOutput 0 -> 2 -> 1 1`] = `373047`;

exports[`MixedRouteQuoterV2 quotes #quoteExactOutput 0 -> 2 cross 0 tick starting tick initialized 1`] = `171090`;

exports[`MixedRouteQuoterV2 quotes #quoteExactOutput 0 -> 2 cross 0 tick starting tick not initialized 1`] = `139744`;

exports[`MixedRouteQuoterV2 quotes #quoteExactOutput 0 -> 2 cross 1 tick 1`] = `199971`;

exports[`MixedRouteQuoterV2 quotes #quoteExactOutput 0 -> 2 cross 2 tick 1`] = `246131`;

exports[`MixedRouteQuoterV2 quotes #quoteExactOutput 0 -> 2 cross 2 where tick after is initialized 1`] = `200009`;

exports[`MixedRouteQuoterV2 quotes #quoteExactOutput 2 -> 0 cross 1 tick 1`] = `189929`;

exports[`MixedRouteQuoterV2 quotes #quoteExactOutput 2 -> 0 cross 2 ticks 1`] = `235995`;

exports[`MixedRouteQuoterV2 quotes #quoteExactOutput 2 -> 0 cross 2 where tick after is initialized 1`] = `235989`;

exports[`MixedRouteQuoterV2 quotes #quoteExactOutput 2 -> 1 1`] = `129403`;

exports[`MixedRouteQuoterV2 quotes #quoteExactOutputSingle 0 -> 1 1`] = `140525`;

exports[`MixedRouteQuoterV2 quotes #quoteExactOutputSingle 1 -> 0 1`] = `130008`;
