// Jest Snapshot v1, https://goo.gl/fbAQLP

exports[`MixedRouteQuoterV1 quotes #quoteExactInput V3 only 0 -> 2 -> 1 1`] = `434937`;

exports[`MixedRouteQuoterV1 quotes #quoteExactInput V3 only 0 -> 2 cross 0 tick, starting tick initialized 1`] = `177784`;

exports[`MixedRouteQuoterV1 quotes #quoteExactInput V3 only 0 -> 2 cross 0 tick, starting tick not initialized 1`] = `150319`;

exports[`MixedRouteQuoterV1 quotes #quoteExactInput V3 only 0 -> 2 cross 1 tick 1`] = `232227`;

exports[`MixedRouteQuoterV1 quotes #quoteExactInput V3 only 0 -> 2 cross 2 tick 1`] = `280123`;

exports[`MixedRouteQuoterV1 quotes #quoteExactInput V3 only 0 -> 2 cross 2 tick where after is initialized 1`] = `232234`;

exports[`MixedRouteQuoterV1 quotes #quoteExactInput V3 only 2 -> 0 cross 0 tick, starting tick initialized 1`] = `133874`;

exports[`MixedRouteQuoterV1 quotes #quoteExactInput V3 only 2 -> 0 cross 0 tick, starting tick not initialized 1`] = `137774`;

exports[`MixedRouteQuoterV1 quotes #quoteExactInput V3 only 2 -> 0 cross 2 1`] = `267396`;

exports[`MixedRouteQuoterV1 quotes #quoteExactInput V3 only 2 -> 0 cross 2 where tick after is initialized 1`] = `267404`;

exports[`MixedRouteQuoterV1 quotes #quoteExactInput V3 only 2 -> 1 1`] = `157318`;

exports[`MixedRouteQuoterV1 quotes #quoteExactInputSingle V3 0 -> 2 1`] = `280105`;

exports[`MixedRouteQuoterV1 quotes #quoteExactInputSingle V3 2 -> 0 1`] = `267368`;
