// Jest Snapshot v1, https://goo.gl/fbAQLP

exports[`NonfungiblePositionManager #burn gas 1`] = `41284`;

exports[`NonfungiblePositionManager #collect gas transfers both 1`] = `113524`;

exports[`NonfungiblePositionManager #collect gas transfers token0 only 1`] = `124664`;

exports[`NonfungiblePositionManager #collect gas transfers token1 only 1`] = `124871`;

exports[`NonfungiblePositionManager #createAndInitializePoolIfNecessary gas 1`] = `1106115`;

exports[`NonfungiblePositionManager #decreaseLiquidity gas complete decrease 1`] = `105331`;

exports[`NonfungiblePositionManager #decreaseLiquidity gas partial decrease 1`] = `175026`;

exports[`NonfungiblePositionManager #increaseLiquidity gas 1`] = `201113`;

exports[`NonfungiblePositionManager #mint gas first mint for pool 1`] = `638392`;

exports[`NonfungiblePositionManager #mint gas first mint for pool using eth with non-zero refund 1`] = `648546`;

exports[`NonfungiblePositionManager #mint gas first mint for pool using eth with zero refund 1`] = `641321`;

exports[`NonfungiblePositionManager #mint gas mint for same pool, different ticks 1`] = `470783`;

exports[`NonfungiblePositionManager #mint gas mint on same ticks 1`] = `361334`;

exports[`NonfungiblePositionManager #permit owned by eoa gas 1`] = `64557`;

exports[`NonfungiblePositionManager #permit owned by verifying contract gas 1`] = `68444`;

exports[`NonfungiblePositionManager #positions gas 1`] = `19955`;

exports[`NonfungiblePositionManager #transferFrom gas 1`] = `79174`;

exports[`NonfungiblePositionManager #transferFrom gas comes from approved 1`] = `67580`;

exports[`NonfungiblePositionManager multicall exit gas 1`] = `159170`;
