// Jest Snapshot v1, https://goo.gl/fbAQLP

exports[`QuoterV2 quotes #quoteExactInput 0 -> 2 -> 1 1`] = `420276`;

exports[`QuoterV2 quotes #quoteExactInput 0 -> 2 cross 0 tick, starting tick initialized 1`] = `178580`;

exports[`QuoterV2 quotes #quoteExactInput 0 -> 2 cross 0 tick, starting tick not initialized 1`] = `150084`;

exports[`QuoterV2 quotes #quoteExactInput 0 -> 2 cross 1 tick 1`] = `231103`;

exports[`QuoterV2 quotes #quoteExactInput 0 -> 2 cross 2 tick 1`] = `281177`;

exports[`QuoterV2 quotes #quoteExactInput 0 -> 2 cross 2 tick where after is initialized 1`] = `231110`;

exports[`QuoterV2 quotes #quoteExactInput 2 -> 0 cross 0 tick, starting tick initialized 1`] = `135559`;

exports[`QuoterV2 quotes #quoteExactInput 2 -> 0 cross 0 tick, starting tick not initialized 1`] = `135559`;

exports[`QuoterV2 quotes #quoteExactInput 2 -> 0 cross 2 1`] = `266468`;

exports[`QuoterV2 quotes #quoteExactInput 2 -> 0 cross 2 where tick after is initialized 1`] = `266476`;

exports[`QuoterV2 quotes #quoteExactInput 2 -> 1 1`] = `155103`;

exports[`QuoterV2 quotes #quoteExactInputSingle 0 -> 2 1`] = `281159`;

exports[`QuoterV2 quotes #quoteExactInputSingle 2 -> 0 1`] = `266440`;

exports[`QuoterV2 quotes #quoteExactOutput 0 -> 2 -> 1 1`] = `419876`;

exports[`QuoterV2 quotes #quoteExactOutput 0 -> 2 cross 0 tick starting tick initialized 1`] = `178099`;

exports[`QuoterV2 quotes #quoteExactOutput 0 -> 2 cross 0 tick starting tick not initialized 1`] = `149623`;

exports[`QuoterV2 quotes #quoteExactOutput 0 -> 2 cross 1 tick 1`] = `230353`;

exports[`QuoterV2 quotes #quoteExactOutput 0 -> 2 cross 2 tick 1`] = `280183`;

exports[`QuoterV2 quotes #quoteExactOutput 0 -> 2 cross 2 where tick after is initialized 1`] = `230360`;

exports[`QuoterV2 quotes #quoteExactOutput 2 -> 0 cross 1 tick 1`] = `216839`;

exports[`QuoterV2 quotes #quoteExactOutput 2 -> 0 cross 2 ticks 1`] = `266574`;

exports[`QuoterV2 quotes #quoteExactOutput 2 -> 0 cross 2 where tick after is initialized 1`] = `266568`;

exports[`QuoterV2 quotes #quoteExactOutput 2 -> 1 1`] = `155680`;

exports[`QuoterV2 quotes #quoteExactOutputSingle 0 -> 1 1`] = `170273`;

exports[`QuoterV2 quotes #quoteExactOutputSingle 1 -> 0 1`] = `156285`;
