// Jest Snapshot v1, https://goo.gl/fbAQLP

exports[`QuoterV2 quotes #quoteExactInput 0 -> 2 -> 1 1`] = `402411`;

exports[`QuoterV2 quotes #quoteExactInput 0 -> 2 cross 0 tick, starting tick initialized 1`] = `171683`;

exports[`QuoterV2 quotes #quoteExactInput 0 -> 2 cross 0 tick, starting tick not initialized 1`] = `139281`;

exports[`QuoterV2 quotes #quoteExactInput 0 -> 2 cross 1 tick 1`] = `217648`;

exports[`QuoterV2 quotes #quoteExactInput 0 -> 2 cross 2 tick 1`] = `265575`;

exports[`QuoterV2 quotes #quoteExactInput 0 -> 2 cross 2 tick where after is initialized 1`] = `217655`;

exports[`QuoterV2 quotes #quoteExactInput 2 -> 0 cross 0 tick, starting tick initialized 1`] = `130796`;

exports[`QuoterV2 quotes #quoteExactInput 2 -> 0 cross 0 tick, starting tick not initialized 1`] = `126897`;

exports[`QuoterV2 quotes #quoteExactInput 2 -> 0 cross 2 1`] = `253002`;

exports[`QuoterV2 quotes #quoteExactInput 2 -> 0 cross 2 where tick after is initialized 1`] = `253010`;

exports[`QuoterV2 quotes #quoteExactInput 2 -> 1 1`] = `150340`;

exports[`QuoterV2 quotes #quoteExactInputSingle 0 -> 2 1`] = `265557`;

exports[`QuoterV2 quotes #quoteExactInputSingle 2 -> 0 1`] = `252974`;

exports[`QuoterV2 quotes #quoteExactOutput 0 -> 2 -> 1 1`] = `402011`;

exports[`QuoterV2 quotes #quoteExactOutput 0 -> 2 cross 0 tick starting tick initialized 1`] = `171202`;

exports[`QuoterV2 quotes #quoteExactOutput 0 -> 2 cross 0 tick starting tick not initialized 1`] = `138820`;

exports[`QuoterV2 quotes #quoteExactOutput 0 -> 2 cross 1 tick 1`] = `216898`;

exports[`QuoterV2 quotes #quoteExactOutput 0 -> 2 cross 2 tick 1`] = `264581`;

exports[`QuoterV2 quotes #quoteExactOutput 0 -> 2 cross 2 where tick after is initialized 1`] = `216905`;

exports[`QuoterV2 quotes #quoteExactOutput 2 -> 0 cross 1 tick 1`] = `205520`;

exports[`QuoterV2 quotes #quoteExactOutput 2 -> 0 cross 2 ticks 1`] = `253108`;

exports[`QuoterV2 quotes #quoteExactOutput 2 -> 0 cross 2 where tick after is initialized 1`] = `253102`;

exports[`QuoterV2 quotes #quoteExactOutput 2 -> 1 1`] = `150917`;

exports[`QuoterV2 quotes #quoteExactOutputSingle 0 -> 1 1`] = `163364`;

exports[`QuoterV2 quotes #quoteExactOutputSingle 1 -> 0 1`] = `151522`;
