// Jest Snapshot v1, https://goo.gl/fbAQLP

exports[`QuoterV2 quotes #quoteExactInput 0 -> 2 -> 1 1`] = `412351`;

exports[`QuoterV2 quotes #quoteExactInput 0 -> 2 cross 0 tick, starting tick initialized 1`] = `177262`;

exports[`QuoterV2 quotes #quoteExactInput 0 -> 2 cross 0 tick, starting tick not initialized 1`] = `145897`;

exports[`QuoterV2 quotes #quoteExactInput 0 -> 2 cross 1 tick 1`] = `227563`;

exports[`QuoterV2 quotes #quoteExactInput 0 -> 2 cross 2 tick 1`] = `275218`;

exports[`QuoterV2 quotes #quoteExactInput 0 -> 2 cross 2 tick where after is initialized 1`] = `227570`;

exports[`QuoterV2 quotes #quoteExactInput 2 -> 0 cross 0 tick, starting tick initialized 1`] = `133593`;

exports[`QuoterV2 quotes #quoteExactInput 2 -> 0 cross 0 tick, starting tick not initialized 1`] = `133593`;

exports[`QuoterV2 quotes #quoteExactInput 2 -> 0 cross 2 1`] = `262732`;

exports[`QuoterV2 quotes #quoteExactInput 2 -> 0 cross 2 where tick after is initialized 1`] = `262740`;

exports[`QuoterV2 quotes #quoteExactInput 2 -> 1 1`] = `153137`;

exports[`QuoterV2 quotes #quoteExactInputSingle 0 -> 2 1`] = `275200`;

exports[`QuoterV2 quotes #quoteExactInputSingle 2 -> 0 1`] = `262704`;

exports[`QuoterV2 quotes #quoteExactOutput 0 -> 2 -> 1 1`] = `411951`;

exports[`QuoterV2 quotes #quoteExactOutput 0 -> 2 cross 0 tick starting tick initialized 1`] = `176781`;

exports[`QuoterV2 quotes #quoteExactOutput 0 -> 2 cross 0 tick starting tick not initialized 1`] = `145436`;

exports[`QuoterV2 quotes #quoteExactOutput 0 -> 2 cross 1 tick 1`] = `226813`;

exports[`QuoterV2 quotes #quoteExactOutput 0 -> 2 cross 2 tick 1`] = `274224`;

exports[`QuoterV2 quotes #quoteExactOutput 0 -> 2 cross 2 where tick after is initialized 1`] = `226820`;

exports[`QuoterV2 quotes #quoteExactOutput 2 -> 0 cross 1 tick 1`] = `215521`;

exports[`QuoterV2 quotes #quoteExactOutput 2 -> 0 cross 2 ticks 1`] = `262838`;

exports[`QuoterV2 quotes #quoteExactOutput 2 -> 0 cross 2 where tick after is initialized 1`] = `262832`;

exports[`QuoterV2 quotes #quoteExactOutput 2 -> 1 1`] = `153714`;

exports[`QuoterV2 quotes #quoteExactOutputSingle 0 -> 1 1`] = `166086`;

exports[`QuoterV2 quotes #quoteExactOutputSingle 1 -> 0 1`] = `154319`;
