// Jest Snapshot v1, https://goo.gl/fbAQLP

exports[`SwapRouter gas tests #exactInput 0 -> 1 -> 2 1`] = `230848`;

exports[`SwapRouter gas tests #exactInput 0 -> 1 1`] = `143727`;

exports[`SwapRouter gas tests #exactInput 0 -> 1 minimal 1`] = `133974`;

exports[`SwapRouter gas tests #exactInput 0 -> WETH9 1`] = `163630`;

exports[`SwapRouter gas tests #exactInput 2 trades (via router) 1`] = `237014`;

exports[`SwapRouter gas tests #exactInput 3 trades (directly to sender) 1`] = `329098`;

exports[`SwapRouter gas tests #exactInput WETH9 -> 0 1`] = `141798`;

exports[`SwapRouter gas tests #exactInputSingle 0 -> 1 1`] = `143177`;

exports[`SwapRouter gas tests #exactInputSingle 0 -> WETH9 1`] = `163074`;

exports[`SwapRouter gas tests #exactInputSingle WETH9 -> 0 1`] = `141248`;

exports[`SwapRouter gas tests #exactOutput 0 -> 1 -> 2 1`] = `227466`;

exports[`SwapRouter gas tests #exactOutput 0 -> 1 1`] = `147741`;

exports[`SwapRouter gas tests #exactOutput 0 -> WETH9 1`] = `164858`;

exports[`SwapRouter gas tests #exactOutput WETH9 -> 0 1`] = `155515`;

exports[`SwapRouter gas tests #exactOutputSingle 0 -> 1 1`] = `147975`;

exports[`SwapRouter gas tests #exactOutputSingle 0 -> WETH9 1`] = `165092`;

exports[`SwapRouter gas tests #exactOutputSingle WETH9 -> 0 1`] = `150282`;

exports[`SwapRouter gas tests 3 trades (directly to sender) 1`] = `227452`;
