// Jest Snapshot v1, https://goo.gl/fbAQLP

exports[`SwapRouter gas tests #exactInput 0 -> 1 -> 2 1`] = `231082`;

exports[`SwapRouter gas tests #exactInput 0 -> 1 1`] = `143838`;

exports[`SwapRouter gas tests #exactInput 0 -> 1 minimal 1`] = `134085`;

exports[`SwapRouter gas tests #exactInput 0 -> WETH9 1`] = `163741`;

exports[`SwapRouter gas tests #exactInput 2 trades (via router) 1`] = `237236`;

exports[`SwapRouter gas tests #exactInput 3 trades (directly to sender) 1`] = `329443`;

exports[`SwapRouter gas tests #exactInput WETH9 -> 0 1`] = `141909`;

exports[`SwapRouter gas tests #exactInputSingle 0 -> 1 1`] = `143288`;

exports[`SwapRouter gas tests #exactInputSingle 0 -> WETH9 1`] = `163185`;

exports[`SwapRouter gas tests #exactInputSingle WETH9 -> 0 1`] = `141359`;

exports[`SwapRouter gas tests #exactOutput 0 -> 1 -> 2 1`] = `227700`;

exports[`SwapRouter gas tests #exactOutput 0 -> 1 1`] = `147852`;

exports[`SwapRouter gas tests #exactOutput 0 -> WETH9 1`] = `164969`;

exports[`SwapRouter gas tests #exactOutput WETH9 -> 0 1`] = `155626`;

exports[`SwapRouter gas tests #exactOutputSingle 0 -> 1 1`] = `148086`;

exports[`SwapRouter gas tests #exactOutputSingle 0 -> WETH9 1`] = `165203`;

exports[`SwapRouter gas tests #exactOutputSingle WETH9 -> 0 1`] = `150393`;

exports[`SwapRouter gas tests 3 trades (directly to sender) 1`] = `227674`;
