// Jest Snapshot v1, https://goo.gl/fbAQLP

exports[`CLPool gas tests fee is off #burn above current price burn entire position after some time passes 1`] = `107060`;

exports[`CLPool gas tests fee is off #burn above current price burn when only position using ticks 1`] = `107060`;

exports[`CLPool gas tests fee is off #burn above current price entire position burn but other positions are using the ticks 1`] = `98188`;

exports[`CLPool gas tests fee is off #burn above current price partial position burn 1`] = `102988`;

exports[`CLPool gas tests fee is off #burn around current price burn entire position after some time passes 1`] = `119648`;

exports[`CLPool gas tests fee is off #burn around current price burn when only position using ticks 1`] = `119648`;

exports[`CLPool gas tests fee is off #burn around current price entire position burn but other positions are using the ticks 1`] = `103523`;

exports[`CLPool gas tests fee is off #burn around current price partial position burn 1`] = `108323`;

exports[`CLPool gas tests fee is off #burn below current price burn entire position after some time passes 1`] = `116518`;

exports[`CLPool gas tests fee is off #burn below current price burn when only position using ticks 1`] = `116518`;

exports[`CLPool gas tests fee is off #burn below current price entire position burn but other positions are using the ticks 1`] = `98811`;

exports[`CLPool gas tests fee is off #burn below current price partial position burn 1`] = `103611`;

exports[`CLPool gas tests fee is off #collect close to worst case 1`] = `51013`;

exports[`CLPool gas tests fee is off #increaseObservationCardinalityNext grow by 1 slot 1`] = `53603`;

exports[`CLPool gas tests fee is off #increaseObservationCardinalityNext no op 1`] = `27182`;

exports[`CLPool gas tests fee is off #mint above current price add to position after some time passes 1`] = `117173`;

exports[`CLPool gas tests fee is off #mint above current price add to position existing 1`] = `117173`;

exports[`CLPool gas tests fee is off #mint above current price new position mint first in range 1`] = `238139`;

exports[`CLPool gas tests fee is off #mint above current price second position in same range 1`] = `134273`;

exports[`CLPool gas tests fee is off #mint around current price add to position after some time passes 1`] = `149526`;

exports[`CLPool gas tests fee is off #mint around current price add to position existing 1`] = `149526`;

exports[`CLPool gas tests fee is off #mint around current price new position mint first in range 1`] = `332975`;

exports[`CLPool gas tests fee is off #mint around current price second position in same range 1`] = `166626`;

exports[`CLPool gas tests fee is off #mint below current price add to position after some time passes 1`] = `117835`;

exports[`CLPool gas tests fee is off #mint below current price add to position existing 1`] = `117835`;

exports[`CLPool gas tests fee is off #mint below current price new position mint first in range 1`] = `319967`;

exports[`CLPool gas tests fee is off #mint below current price second position in same range 1`] = `134935`;

exports[`CLPool gas tests fee is off #poke best case 1`] = `56876`;

exports[`CLPool gas tests fee is off #swapExact0For1 first swap in block moves tick, no initialized crossings 1`] = `143614`;

exports[`CLPool gas tests fee is off #swapExact0For1 first swap in block with no tick movement 1`] = `129773`;

exports[`CLPool gas tests fee is off #swapExact0For1 first swap in block, large swap crossing a single initialized tick 1`] = `185177`;

exports[`CLPool gas tests fee is off #swapExact0For1 first swap in block, large swap crossing several initialized ticks 1`] = `265051`;

exports[`CLPool gas tests fee is off #swapExact0For1 first swap in block, large swap, no initialized crossings 1`] = `165911`;

exports[`CLPool gas tests fee is off #swapExact0For1 large swap crossing several initialized ticks after some time passes 1`] = `265051`;

exports[`CLPool gas tests fee is off #swapExact0For1 large swap crossing several initialized ticks second time after some time passes 1`] = `284251`;

exports[`CLPool gas tests fee is off #swapExact0For1 second swap in block moves tick, no initialized crossings 1`] = `143614`;

exports[`CLPool gas tests fee is off #swapExact0For1 second swap in block with no tick movement 1`] = `129884`;

exports[`CLPool gas tests fee is off #swapExact0For1 second swap in block, large swap crossing a single initialized tick 1`] = `174298`;

exports[`CLPool gas tests fee is off #swapExact0For1 second swap in block, large swap crossing several initialized ticks 1`] = `254151`;
