// Jest Snapshot v1, https://goo.gl/fbAQLP

exports[`Oracle #grow gas for growing by 1 slot when index != cardinality - 1 1`] = `49081`;

exports[`Oracle #grow gas for growing by 1 slot when index == cardinality - 1 1`] = `49081`;

exports[`Oracle #grow gas for growing by 10 slots when index != cardinality - 1 1`] = `249223`;

exports[`Oracle #grow gas for growing by 10 slots when index == cardinality - 1 1`] = `249223`;

exports[`Oracle #initialize gas 1`] = `67794`;

exports[`Oracle #observe before initialization gas for observe since most recent 1`] = `4758`;

exports[`Oracle #observe before initialization gas for single observation at current time 1`] = `3571`;

exports[`Oracle #observe before initialization gas for single observation at current time counterfactually computed 1`] = `4079`;

exports[`Oracle #observe initialized with 5 observations with starting time of 5 fetch many values 1`] = `
Object {
  "secondsPerLiquidityCumulativeX128s": Array [
    "10817198352897832710763497242914320588617",
    "10963033653006806337962086360385078393526",
    "11157480719818771174226871850346088800073",
    "11303316019927744801425460967816846604982",
    "11546374853442700846756442830268109613165",
    "11740821920254665683021228320229120019711",
    "11789433686957656892087424692719372621348",
  ],
  "tickCumulatives": Array [
    -167,
    -149,
    -125,
    -107,
    -77,
    -53,
    -47,
  ],
}
`;

exports[`Oracle #observe initialized with 5 observations with starting time of 5 gas all of last 20 seconds 1`] = `44536`;

exports[`Oracle #observe initialized with 5 observations with starting time of 5 gas between oldest and oldest + 1 1`] = `14022`;

exports[`Oracle #observe initialized with 5 observations with starting time of 5 gas latest equal 1`] = `3571`;

exports[`Oracle #observe initialized with 5 observations with starting time of 5 gas latest transform 1`] = `4079`;

exports[`Oracle #observe initialized with 5 observations with starting time of 5 gas middle 1`] = `14022`;

exports[`Oracle #observe initialized with 5 observations with starting time of 5 gas oldest 1`] = `14022`;

exports[`Oracle #observe initialized with 5 observations with starting time of 4294967291 fetch many values 1`] = `
Object {
  "secondsPerLiquidityCumulativeX128s": Array [
    "10817198352897832710763497242914320588617",
    "10963033653006806337962086360385078393526",
    "11157480719818771174226871850346088800073",
    "11303316019927744801425460967816846604982",
    "11546374853442700846756442830268109613165",
    "11740821920254665683021228320229120019711",
    "11789433686957656892087424692719372621348",
  ],
  "tickCumulatives": Array [
    -167,
    -149,
    -125,
    -107,
    -77,
    -53,
    -47,
  ],
}
`;

exports[`Oracle #observe initialized with 5 observations with starting time of 4294967291 gas all of last 20 seconds 1`] = `44536`;

exports[`Oracle #observe initialized with 5 observations with starting time of 4294967291 gas between oldest and oldest + 1 1`] = `14022`;

exports[`Oracle #observe initialized with 5 observations with starting time of 4294967291 gas latest equal 1`] = `3571`;

exports[`Oracle #observe initialized with 5 observations with starting time of 4294967291 gas latest transform 1`] = `4079`;

exports[`Oracle #observe initialized with 5 observations with starting time of 4294967291 gas middle 1`] = `14022`;

exports[`Oracle #observe initialized with 5 observations with starting time of 4294967291 gas oldest 1`] = `14022`;
